// Jest Snapshot v1, https://goo.gl/fbAQLP

exports[`Pokemon Item accepts pokemon props 1`] = `ShallowWrapper {}`;

exports[`Pokemon Table accepts pokemon props 1`] = `ShallowWrapper {}`;

exports[`Pokemon Table accepts pokemons props 1`] = `ShallowWrapper {}`;
